     0.000 Info: Testing ".var/app/org.prismlauncher.PrismLauncher/data/PrismLauncher/qtlogging.ini" ... (unknown:0)
     0.000 Info: Testing "/nix/store/9jwc22vk7wqbpysvpvv6k9yprbvjimy5-prismlauncher-unwrapped-11.0.2/share/PrismLauncher/qtlogging.ini" ... (unknown:0)
     0.000 Info: Loading logging rules from: "/nix/store/9jwc22vk7wqbpysvpvv6k9yprbvjimy5-prismlauncher-unwrapped-11.0.2/share/PrismLauncher/qtlogging.ini" (unknown:0)
     0.000 Info: Setting log rules: (unknown:0)
     0.001 Info:      "*.debug=true" (unknown:0)
     0.001 Info:      "kf.imageformats.plugins.hdr=false" (unknown:0)
     0.001 Info:      "kf.imageformats.plugins.xcf=false" (unknown:0)
     0.001 Info:      "launcher.auth.credentials.debug=false" (unknown:0)
     0.001 Info:      "launcher.task=false" (unknown:0)
     0.001 Info:      "launcher.task.net=true" (unknown:0)
     0.001 Info:      "launcher.task.net.download.debug=false" (unknown:0)
     0.001 Info:      "launcher.task.net.metacache=false" (unknown:0)
     0.001 Info:      "launcher.task.net.metacache.http=true" (unknown:0)
     0.001 Info:      "launcher.task.net.upload=true" (unknown:0)
     0.001 Info:      "qt.*.debug=false" (unknown:0)
     0.001 Info: <> Log initialized. (unknown:0)
     0.001 Debug: <> No migration needed from "PolyMC" (unknown:0)
     0.001 Debug: <> No migration needed from "MultiMC" (unknown:0)
     0.002 Info: Prism Launcher, © 2022-2026 Prism Launcher Contributors, © 2021-2022 PolyMC Contributors, © 2012-2021 MultiMC Contributors (unknown:0)
     0.002 Info: Version                    : "11.0.2" (unknown:0)
     0.002 Info: Platform                   : "nixpkgs" (unknown:0)
     0.002 Info: Git commit                 : "" (unknown:0)
     0.002 Info: Git refspec                : "refs/heads/stable" (unknown:0)
     0.002 Info: Compiled for               : "Linux 6.12.87 x86_64" (unknown:0)
     0.002 Info: Compiled by                : "GNU - 15.2.0" (unknown:0)
     0.002 Info: Build Artifact             : "" (unknown:0)
     0.002 Info: Updates Enabled            : No (unknown:0)
     0.002 Info: Work dir before adjustment : "/home/whitebow/NixOS-config" (unknown:0)
     0.002 Info: Work dir after adjustment  : "/home/whitebow/NixOS-config/.var/app/org.prismlauncher.PrismLauncher/data/PrismLauncher" (unknown:0)
     0.002 Info: Adjusted by                : "Command line" (unknown:0)
     0.002 Info: Binary path                : "/nix/store/9jwc22vk7wqbpysvpvv6k9yprbvjimy5-prismlauncher-unwrapped-11.0.2/bin" (unknown:0)
     0.002 Info: Application root path      : "/nix/store/9jwc22vk7wqbpysvpvv6k9yprbvjimy5-prismlauncher-unwrapped-11.0.2" (unknown:0)
     0.002 Info: <> Paths set. (unknown:0)
     0.025 Debug: Detected default console font: "Hack", substitutions: "" (unknown:0)
     0.036 Info: <> Settings loaded. (unknown:0)
     0.036 Debug: Detecting proxy settings... (unknown:0)
     0.036 Debug: Using no proxy is an option! (unknown:0)
     0.036 Info: <> Network done. (unknown:0)
     0.036 Critical: Exception: "Unable to open /home/whitebow/NixOS-config/.var/app/org.prismlauncher.PrismLauncher/data/PrismLauncher/translations/index_v2.json for reading: No such file or directory" (unknown:0)
     0.036 Critical: Translations Download Failed: index file not readable (unknown:0)
     0.037 Warning: Selected invalid language "" , defaulting to "en_US" (unknown:0)
     0.037 Info: Your language is "" (unknown:0)
     0.037 Info: <> Translations loaded. (unknown:0)
     0.037 Debug: Started watching "/home/whitebow/NixOS-config/.var/app/org.prismlauncher.PrismLauncher/data/PrismLauncher/icons" (unknown:0)
     0.037 Debug: Sorting icon list... (unknown:0)
     0.038 Info: <> Instance icons initialized. (unknown:0)
     0.038 Debug: [Theme] Determining System Widget Theme... (unknown:0)
     0.038 Debug: [Theme] System theme seems to be: "fusion" (unknown:0)
     0.038 Debug: [Theme] <> Initializing Icon Themes (unknown:0)
     0.039 Debug: [Theme] Loaded Built-In Icon Theme "pe_colored" (unknown:0)
     0.039 Debug: [Theme] Loaded Built-In Icon Theme "pe_light" (unknown:0)
     0.039 Debug: [Theme] Loaded Built-In Icon Theme "pe_dark" (unknown:0)
     0.039 Debug: [Theme] Loaded Built-In Icon Theme "pe_blue" (unknown:0)
     0.039 Debug: [Theme] Loaded Built-In Icon Theme "breeze_light" (unknown:0)
     0.039 Debug: [Theme] Loaded Built-In Icon Theme "breeze_dark" (unknown:0)
     0.039 Debug: [Theme] Loaded Built-In Icon Theme "OSX" (unknown:0)
     0.039 Debug: [Theme] Loaded Built-In Icon Theme "iOS" (unknown:0)
     0.039 Debug: [Theme] Loaded Built-In Icon Theme "flat" (unknown:0)
     0.039 Debug: [Theme] Loaded Built-In Icon Theme "flat_white" (unknown:0)
     0.039 Debug: [Theme] Loaded Built-In Icon Theme "multimc" (unknown:0)
     0.039 Debug: [Theme] Icon Theme Folder Path: "/home/whitebow/NixOS-config/.var/app/org.prismlauncher.PrismLauncher/data/PrismLauncher/iconthemes" (unknown:0)
     0.040 Debug: [Theme] <> Icon themes initialized. (unknown:0)
     0.040 Debug: [Theme] <> Initializing Widget Themes (unknown:0)
     0.040 Debug: [Theme] Loading Built-in Theme: "system" (unknown:0)
     0.040 Debug: [Theme] Loading Built-in Theme: "dark" (unknown:0)
     0.040 Debug: [Theme] Loading Built-in Theme: "bright" (unknown:0)
     0.040 Debug: [Theme] <> Initializing System Widget Themes (unknown:0)
     0.061 Debug: [Theme] Loading System Theme: "Breeze" (unknown:0)
     0.061 Debug: [Theme] Loading System Theme: "Windows" (unknown:0)
     0.061 Debug: [Theme] Loading System Theme: "Fusion" (unknown:0)
     0.061 Debug: [Theme] Theme Folder Path: "/home/whitebow/NixOS-config/.var/app/org.prismlauncher.PrismLauncher/data/PrismLauncher/themes" (unknown:0)
     0.061 Debug: [Theme] <> Widget themes initialized. (unknown:0)
     0.061 Debug: [Theme] CatPacks Folder Path: "/home/whitebow/NixOS-config/.var/app/org.prismlauncher.PrismLauncher/data/PrismLauncher/catpacks" (unknown:0)
     0.088 Info: Instance path              : "instances" (unknown:0)
     0.089 Info: Loading Instances... (unknown:0)
     0.089 Info: Discovering instances in "/home/whitebow/NixOS-config/.var/app/org.prismlauncher.PrismLauncher/data/PrismLauncher/instances" (unknown:0)
     0.089 Info: <> Instances loaded. (unknown:0)
     0.089 Info: Loading accounts... (unknown:0)
     0.089 Critical: "Failed to read the account list file accounts.json (No such file or directory)." (unknown:0)
     0.089 Info: <> Accounts loaded. (unknown:0)
     0.089 Info: <> Cache initialized. (unknown:0)
     0.089 Debug: Downloading Translations Index... (unknown:0)
     0.101 Debug: Detected native libraries: "/nix/store/jc0sfiwrc8fgnx5s461ccgp7p2qlncbx-glfw-minecraft-3.4/lib/libglfw.so" "/nix/store/psl06rbppwa0dfapjaljqlbfrw6np79x-openal-soft-1.24.3/lib/libopenal.so" (unknown:0)
     0.109 Debug: [Theme] <> Icon theme set. (unknown:0)
     0.109 Debug: [Theme] applying theme "System" (unknown:0)
     0.109 Debug: [Theme] <> Application theme set. (unknown:0)
     0.121 Debug: [Theme] <> Initializing Icon Themes (unknown:0)
     0.121 Debug: [Theme] Loaded Built-In Icon Theme "pe_colored" (unknown:0)
     0.121 Debug: [Theme] Loaded Built-In Icon Theme "pe_light" (unknown:0)
     0.121 Debug: [Theme] Loaded Built-In Icon Theme "pe_dark" (unknown:0)
     0.121 Debug: [Theme] Loaded Built-In Icon Theme "pe_blue" (unknown:0)
     0.121 Debug: [Theme] Loaded Built-In Icon Theme "breeze_light" (unknown:0)
     0.121 Debug: [Theme] Loaded Built-In Icon Theme "breeze_dark" (unknown:0)
     0.121 Debug: [Theme] Loaded Built-In Icon Theme "OSX" (unknown:0)
     0.121 Debug: [Theme] Loaded Built-In Icon Theme "iOS" (unknown:0)
     0.121 Debug: [Theme] Loaded Built-In Icon Theme "flat" (unknown:0)
     0.122 Debug: [Theme] Loaded Built-In Icon Theme "flat_white" (unknown:0)
     0.122 Debug: [Theme] Loaded Built-In Icon Theme "multimc" (unknown:0)
     0.122 Debug: [Theme] Icon Theme Folder Path: "/home/whitebow/NixOS-config/.var/app/org.prismlauncher.PrismLauncher/data/PrismLauncher/iconthemes" (unknown:0)
     0.122 Debug: [Theme] <> Icon themes initialized. (unknown:0)
     0.122 Debug: [Theme] <> Initializing Widget Themes (unknown:0)
     0.122 Debug: [Theme] Loading Built-in Theme: "system" (unknown:0)
     0.122 Debug: [Theme] Loading Built-in Theme: "dark" (unknown:0)
     0.122 Debug: [Theme] Loading Built-in Theme: "bright" (unknown:0)
     0.122 Debug: [Theme] <> Initializing System Widget Themes (unknown:0)
     0.125 Debug: [Theme] Loading System Theme: "Breeze" (unknown:0)
     0.125 Debug: [Theme] Loading System Theme: "Windows" (unknown:0)
     0.125 Debug: [Theme] Loading System Theme: "Fusion" (unknown:0)
     0.125 Debug: [Theme] Theme Folder Path: "/home/whitebow/NixOS-config/.var/app/org.prismlauncher.PrismLauncher/data/PrismLauncher/themes" (unknown:0)
     0.125 Debug: [Theme] <> Widget themes initialized. (unknown:0)
     0.125 Debug: [Theme] CatPacks Folder Path: "/home/whitebow/NixOS-config/.var/app/org.prismlauncher.PrismLauncher/data/PrismLauncher/catpacks" (unknown:0)
     0.337 Debug: Got translations index! (unknown:0)
     0.338 Warning: QAbstractItemModel::endInsertRows:  Invalid index ( 97 , 1 ) in model TranslationsModel(0x5756ab6acbe0) (unknown:0)
     0.338 Warning: QAbstractItemModel::endInsertRows:  Invalid index ( 97 , 0 ) in model TranslationsModel(0x5756ab6acbe0) (unknown:0)
     0.395 Info: [qt.text.font.db] OpenType support missing for "Noto Sans", script 32 (unknown:0)
     0.416 Info: [qt.text.font.db] OpenType support missing for "Noto Sans", script 16 (unknown:0)
     0.420 Info: [qt.text.font.db] OpenType support missing for "Noto Sans", script 12 (unknown:0)
     0.424 Info: [qt.text.font.db] OpenType support missing for "Noto Sans", script 11 (unknown:0)
     0.439 Warning: Cannot update builtin language "en_US" (unknown:0)
     0.439 Debug: Dir changed: "/home/whitebow/NixOS-config/.var/app/org.prismlauncher.PrismLauncher/data/PrismLauncher/translations" (unknown:0)
     2.684 Debug: Probing the following Java paths:  (unknown:0)
     2.706 Debug: Env: ignoring "JAVA_HOME" "/nix/store/v3n6jl0sxn64g97c5kxzriwj4fv6qnjh-openjdk-21.0.12+2/lib/openjdk" (unknown:0)
     2.706 Warning: Entry "" could not be stripped from variable "LD_LIBRARY_PATH" (unknown:0)
     2.706 Debug: Env: stripped "LD_LIBRARY_PATH" "/run/opengl-driver/lib:/nix/store/chqq8mpmpyfi9kgsngya71akv5xicn03-gcc-15.2.0-lib/lib:/nix/store/jc0sfiwrc8fgnx5s461ccgp7p2qlncbx-glfw-minecraft-3.4/lib:/nix/store/psl06rbppwa0dfapjaljqlbfrw6np79x-openal-soft-1.24.3/lib:/nix/store/3zqm4hxrxarx85cxd03gj5yvxkzialqj-alsa-lib-1.2.15.3/lib:/nix/store/g04j1g5niwibk6h6l5j407476was6av6-libjack2-1.9.22/lib:/nix/store/7fnjx0b7a7f80055i43v9pwbx25lwh0v-libpulseaudio-17.0/lib:/nix/store/m2kqwy3rb25dy5zi5sjl4f6raryb67y9-pipewire-1.6.5/lib:/nix/store/dpi7sgi4dmnddwjwdi57d8x06sx49vkn-libglvnd-1.7.0/lib:/nix/store/7gwd2kvkx1s369cwiv5z4x2xjxbppav6-libx11-1.8.13/lib:/nix/store/ljxnc3sy590a8rzf59rvclkxg8h71qdf-libxcursor-1.2.3/lib:/nix/store/l1im0bii1ld332kcgg0gr72k6xla2dq1-libxext-1.3.7/lib:/nix/store/0kx9jb9qcvh9kg9qi8kxwxymbvbpykdj-libxrandr-1.5.5/lib:/nix/store/0vsyi3ll34n145g0n8nc8d4s4fs1f3kq-libxxf86vm-1.1.7/lib:/nix/store/05pzsrj4dmxlfwf8z70hp5vfgvfvfa54-systemd-minimal-libs-260.1/lib:/nix/store/d6vnmfmcz5b299180issiaad4m96wh8k-vulkan-loader-1.4.341.0/lib:/nix/store/k18gbw5vgck4dccaz856m7w624aw3346-flite-2.2-lib/lib:/nix/store/mi8lmzjfkmcmiwhsir8z8v4fyihi1mwf-gamemode-1.8.2-lib/lib:/nix/store/j47davc6iwnwpg8lxf72bvk1dah1qqrf-libusb-1.0.29/lib" to "/run/opengl-driver/lib:/nix/store/chqq8mpmpyfi9kgsngya71akv5xicn03-gcc-15.2.0-lib/lib:/nix/store/jc0sfiwrc8fgnx5s461ccgp7p2qlncbx-glfw-minecraft-3.4/lib:/nix/store/psl06rbppwa0dfapjaljqlbfrw6np79x-openal-soft-1.24.3/lib:/nix/store/3zqm4hxrxarx85cxd03gj5yvxkzialqj-alsa-lib-1.2.15.3/lib:/nix/store/g04j1g5niwibk6h6l5j407476was6av6-libjack2-1.9.22/lib:/nix/store/7fnjx0b7a7f80055i43v9pwbx25lwh0v-libpulseaudio-17.0/lib:/nix/store/m2kqwy3rb25dy5zi5sjl4f6raryb67y9-pipewire-1.6.5/lib:/nix/store/dpi7sgi4dmnddwjwdi57d8x06sx49vkn-libglvnd-1.7.0/lib:/nix/store/7gwd2kvkx1s369cwiv5z4x2xjxbppav6-libx11-1.8.13/lib:/nix/store/ljxnc3sy590a8rzf59rvclkxg8h71qdf-libxcursor-1.2.3/lib:/nix/store/l1im0bii1ld332kcgg0gr72k6xla2dq1-libxext-1.3.7/lib:/nix/store/0kx9jb9qcvh9kg9qi8kxwxymbvbpykdj-libxrandr-1.5.5/lib:/nix/store/0vsyi3ll34n145g0n8nc8d4s4fs1f3kq-libxxf86vm-1.1.7/lib:/nix/store/05pzsrj4dmxlfwf8z70hp5vfgvfvfa54-systemd-minimal-libs-260.1/lib:/nix/store/d6vnmfmcz5b299180issiaad4m96wh8k-vulkan-loader-1.4.341.0/lib:/nix/store/k18gbw5vgck4dccaz856m7w624aw3346-flite-2.2-lib/lib:/nix/store/mi8lmzjfkmcmiwhsir8z8v4fyihi1mwf-gamemode-1.8.2-lib/lib:/nix/store/j47davc6iwnwpg8lxf72bvk1dah1qqrf-libusb-1.0.29/lib" (unknown:0)
     2.706 Warning: Entry "" could not be stripped from variable "QT_PLUGIN_PATH" (unknown:0)
     2.706 Debug: Env: stripped "QT_PLUGIN_PATH" "/nix/store/fqfzc017d1x0n34k5i01sbal4196zhk6-qtwayland-6.11.0/lib/qt-6/plugins:/nix/store/0x7jcnb8rls5v0jrl17ji5zj3w99wbp2-qtdeclarative-6.11.0/lib/qt-6/plugins:/nix/store/6j374v0xv72xjzjlg52dgy9xzyrqxi9y-qtsvg-6.11.0/lib/qt-6/plugins:/nix/store/44m5vdgldm4b0ngvfj2hbjmv4b72kriz-qtimageformats-6.11.0/lib/qt-6/plugins:/nix/store/wzvm2pvf98a71v0scgfhmi01lqcxahfr-qtbase-6.11.0/lib/qt-6/plugins:/nix/store/ip1kxiyrb3zhv27fwlmqbixb9bfkpdx4-qtbase-6.11.0-only-plugins-qml/lib/qt-6/plugins:/nix/store/nryd1b74wz5arjc6904mndp0lhfjjdlm-fcitx5-with-addons-5.1.19/lib/qt-6/plugins:/home/whitebow/.local/share/flatpak/exports/lib/qt-5.15.18/plugins:/home/whitebow/.local/share/flatpak/exports/lib/qt-6/plugins:/var/lib/flatpak/exports/lib/qt-5.15.18/plugins:/var/lib/flatpak/exports/lib/qt-6/plugins:/home/whitebow/.nix-profile/lib/qt-5.15.18/plugins:/home/whitebow/.nix-profile/lib/qt-6/plugins:/nix/profile/lib/qt-5.15.18/plugins:/nix/profile/lib/qt-6/plugins:/home/whitebow/.local/state/nix/profile/lib/qt-5.15.18/plugins:/home/whitebow/.local/state/nix/profile/lib/qt-6/plugins:/etc/profiles/per-user/whitebow/lib/qt-5.15.18/plugins:/etc/profiles/per-user/whitebow/lib/qt-6/plugins:/nix/var/nix/profiles/default/lib/qt-5.15.18/plugins:/nix/var/nix/profiles/default/lib/qt-6/plugins:/run/current-system/sw/lib/qt-5.15.18/plugins:/run/current-system/sw/lib/qt-6/plugins" to "/nix/store/fqfzc017d1x0n34k5i01sbal4196zhk6-qtwayland-6.11.0/lib/qt-6/plugins:/nix/store/0x7jcnb8rls5v0jrl17ji5zj3w99wbp2-qtdeclarative-6.11.0/lib/qt-6/plugins:/nix/store/6j374v0xv72xjzjlg52dgy9xzyrqxi9y-qtsvg-6.11.0/lib/qt-6/plugins:/nix/store/44m5vdgldm4b0ngvfj2hbjmv4b72kriz-qtimageformats-6.11.0/lib/qt-6/plugins:/nix/store/wzvm2pvf98a71v0scgfhmi01lqcxahfr-qtbase-6.11.0/lib/qt-6/plugins:/nix/store/ip1kxiyrb3zhv27fwlmqbixb9bfkpdx4-qtbase-6.11.0-only-plugins-qml/lib/qt-6/plugins:/nix/store/nryd1b74wz5arjc6904mndp0lhfjjdlm-fcitx5-with-addons-5.1.19/lib/qt-6/plugins:/home/whitebow/.local/share/flatpak/exports/lib/qt-5.15.18/plugins:/home/whitebow/.local/share/flatpak/exports/lib/qt-6/plugins:/var/lib/flatpak/exports/lib/qt-5.15.18/plugins:/var/lib/flatpak/exports/lib/qt-6/plugins:/home/whitebow/.nix-profile/lib/qt-5.15.18/plugins:/home/whitebow/.nix-profile/lib/qt-6/plugins:/nix/profile/lib/qt-5.15.18/plugins:/nix/profile/lib/qt-6/plugins:/home/whitebow/.local/state/nix/profile/lib/qt-5.15.18/plugins:/home/whitebow/.local/state/nix/profile/lib/qt-6/plugins:/etc/profiles/per-user/whitebow/lib/qt-5.15.18/plugins:/etc/profiles/per-user/whitebow/lib/qt-6/plugins:/nix/var/nix/profiles/default/lib/qt-5.15.18/plugins:/nix/var/nix/profiles/default/lib/qt-6/plugins:/run/current-system/sw/lib/qt-5.15.18/plugins:/run/current-system/sw/lib/qt-6/plugins" (unknown:0)
     2.706 Debug: Running java checker: "java" "-jar /nix/store/9jwc22vk7wqbpysvpvv6k9yprbvjimy5-prismlauncher-unwrapped-11.0.2/share/PrismLauncher/JavaCheck.jar" (unknown:0)
     2.707 Debug: Env: ignoring "JAVA_HOME" "/nix/store/v3n6jl0sxn64g97c5kxzriwj4fv6qnjh-openjdk-21.0.12+2/lib/openjdk" (unknown:0)
     2.707 Warning: Entry "" could not be stripped from variable "LD_LIBRARY_PATH" (unknown:0)
     2.707 Debug: Env: stripped "LD_LIBRARY_PATH" "/run/opengl-driver/lib:/nix/store/chqq8mpmpyfi9kgsngya71akv5xicn03-gcc-15.2.0-lib/lib:/nix/store/jc0sfiwrc8fgnx5s461ccgp7p2qlncbx-glfw-minecraft-3.4/lib:/nix/store/psl06rbppwa0dfapjaljqlbfrw6np79x-openal-soft-1.24.3/lib:/nix/store/3zqm4hxrxarx85cxd03gj5yvxkzialqj-alsa-lib-1.2.15.3/lib:/nix/store/g04j1g5niwibk6h6l5j407476was6av6-libjack2-1.9.22/lib:/nix/store/7fnjx0b7a7f80055i43v9pwbx25lwh0v-libpulseaudio-17.0/lib:/nix/store/m2kqwy3rb25dy5zi5sjl4f6raryb67y9-pipewire-1.6.5/lib:/nix/store/dpi7sgi4dmnddwjwdi57d8x06sx49vkn-libglvnd-1.7.0/lib:/nix/store/7gwd2kvkx1s369cwiv5z4x2xjxbppav6-libx11-1.8.13/lib:/nix/store/ljxnc3sy590a8rzf59rvclkxg8h71qdf-libxcursor-1.2.3/lib:/nix/store/l1im0bii1ld332kcgg0gr72k6xla2dq1-libxext-1.3.7/lib:/nix/store/0kx9jb9qcvh9kg9qi8kxwxymbvbpykdj-libxrandr-1.5.5/lib:/nix/store/0vsyi3ll34n145g0n8nc8d4s4fs1f3kq-libxxf86vm-1.1.7/lib:/nix/store/05pzsrj4dmxlfwf8z70hp5vfgvfvfa54-systemd-minimal-libs-260.1/lib:/nix/store/d6vnmfmcz5b299180issiaad4m96wh8k-vulkan-loader-1.4.341.0/lib:/nix/store/k18gbw5vgck4dccaz856m7w624aw3346-flite-2.2-lib/lib:/nix/store/mi8lmzjfkmcmiwhsir8z8v4fyihi1mwf-gamemode-1.8.2-lib/lib:/nix/store/j47davc6iwnwpg8lxf72bvk1dah1qqrf-libusb-1.0.29/lib" to "/run/opengl-driver/lib:/nix/store/chqq8mpmpyfi9kgsngya71akv5xicn03-gcc-15.2.0-lib/lib:/nix/store/jc0sfiwrc8fgnx5s461ccgp7p2qlncbx-glfw-minecraft-3.4/lib:/nix/store/psl06rbppwa0dfapjaljqlbfrw6np79x-openal-soft-1.24.3/lib:/nix/store/3zqm4hxrxarx85cxd03gj5yvxkzialqj-alsa-lib-1.2.15.3/lib:/nix/store/g04j1g5niwibk6h6l5j407476was6av6-libjack2-1.9.22/lib:/nix/store/7fnjx0b7a7f80055i43v9pwbx25lwh0v-libpulseaudio-17.0/lib:/nix/store/m2kqwy3rb25dy5zi5sjl4f6raryb67y9-pipewire-1.6.5/lib:/nix/store/dpi7sgi4dmnddwjwdi57d8x06sx49vkn-libglvnd-1.7.0/lib:/nix/store/7gwd2kvkx1s369cwiv5z4x2xjxbppav6-libx11-1.8.13/lib:/nix/store/ljxnc3sy590a8rzf59rvclkxg8h71qdf-libxcursor-1.2.3/lib:/nix/store/l1im0bii1ld332kcgg0gr72k6xla2dq1-libxext-1.3.7/lib:/nix/store/0kx9jb9qcvh9kg9qi8kxwxymbvbpykdj-libxrandr-1.5.5/lib:/nix/store/0vsyi3ll34n145g0n8nc8d4s4fs1f3kq-libxxf86vm-1.1.7/lib:/nix/store/05pzsrj4dmxlfwf8z70hp5vfgvfvfa54-systemd-minimal-libs-260.1/lib:/nix/store/d6vnmfmcz5b299180issiaad4m96wh8k-vulkan-loader-1.4.341.0/lib:/nix/store/k18gbw5vgck4dccaz856m7w624aw3346-flite-2.2-lib/lib:/nix/store/mi8lmzjfkmcmiwhsir8z8v4fyihi1mwf-gamemode-1.8.2-lib/lib:/nix/store/j47davc6iwnwpg8lxf72bvk1dah1qqrf-libusb-1.0.29/lib" (unknown:0)
     2.707 Warning: Entry "" could not be stripped from variable "QT_PLUGIN_PATH" (unknown:0)
     2.707 Debug: Env: stripped "QT_PLUGIN_PATH" "/nix/store/fqfzc017d1x0n34k5i01sbal4196zhk6-qtwayland-6.11.0/lib/qt-6/plugins:/nix/store/0x7jcnb8rls5v0jrl17ji5zj3w99wbp2-qtdeclarative-6.11.0/lib/qt-6/plugins:/nix/store/6j374v0xv72xjzjlg52dgy9xzyrqxi9y-qtsvg-6.11.0/lib/qt-6/plugins:/nix/store/44m5vdgldm4b0ngvfj2hbjmv4b72kriz-qtimageformats-6.11.0/lib/qt-6/plugins:/nix/store/wzvm2pvf98a71v0scgfhmi01lqcxahfr-qtbase-6.11.0/lib/qt-6/plugins:/nix/store/ip1kxiyrb3zhv27fwlmqbixb9bfkpdx4-qtbase-6.11.0-only-plugins-qml/lib/qt-6/plugins:/nix/store/nryd1b74wz5arjc6904mndp0lhfjjdlm-fcitx5-with-addons-5.1.19/lib/qt-6/plugins:/home/whitebow/.local/share/flatpak/exports/lib/qt-5.15.18/plugins:/home/whitebow/.local/share/flatpak/exports/lib/qt-6/plugins:/var/lib/flatpak/exports/lib/qt-5.15.18/plugins:/var/lib/flatpak/exports/lib/qt-6/plugins:/home/whitebow/.nix-profile/lib/qt-5.15.18/plugins:/home/whitebow/.nix-profile/lib/qt-6/plugins:/nix/profile/lib/qt-5.15.18/plugins:/nix/profile/lib/qt-6/plugins:/home/whitebow/.local/state/nix/profile/lib/qt-5.15.18/plugins:/home/whitebow/.local/state/nix/profile/lib/qt-6/plugins:/etc/profiles/per-user/whitebow/lib/qt-5.15.18/plugins:/etc/profiles/per-user/whitebow/lib/qt-6/plugins:/nix/var/nix/profiles/default/lib/qt-5.15.18/plugins:/nix/var/nix/profiles/default/lib/qt-6/plugins:/run/current-system/sw/lib/qt-5.15.18/plugins:/run/current-system/sw/lib/qt-6/plugins" to "/nix/store/fqfzc017d1x0n34k5i01sbal4196zhk6-qtwayland-6.11.0/lib/qt-6/plugins:/nix/store/0x7jcnb8rls5v0jrl17ji5zj3w99wbp2-qtdeclarative-6.11.0/lib/qt-6/plugins:/nix/store/6j374v0xv72xjzjlg52dgy9xzyrqxi9y-qtsvg-6.11.0/lib/qt-6/plugins:/nix/store/44m5vdgldm4b0ngvfj2hbjmv4b72kriz-qtimageformats-6.11.0/lib/qt-6/plugins:/nix/store/wzvm2pvf98a71v0scgfhmi01lqcxahfr-qtbase-6.11.0/lib/qt-6/plugins:/nix/store/ip1kxiyrb3zhv27fwlmqbixb9bfkpdx4-qtbase-6.11.0-only-plugins-qml/lib/qt-6/plugins:/nix/store/nryd1b74wz5arjc6904mndp0lhfjjdlm-fcitx5-with-addons-5.1.19/lib/qt-6/plugins:/home/whitebow/.local/share/flatpak/exports/lib/qt-5.15.18/plugins:/home/whitebow/.local/share/flatpak/exports/lib/qt-6/plugins:/var/lib/flatpak/exports/lib/qt-5.15.18/plugins:/var/lib/flatpak/exports/lib/qt-6/plugins:/home/whitebow/.nix-profile/lib/qt-5.15.18/plugins:/home/whitebow/.nix-profile/lib/qt-6/plugins:/nix/profile/lib/qt-5.15.18/plugins:/nix/profile/lib/qt-6/plugins:/home/whitebow/.local/state/nix/profile/lib/qt-5.15.18/plugins:/home/whitebow/.local/state/nix/profile/lib/qt-6/plugins:/etc/profiles/per-user/whitebow/lib/qt-5.15.18/plugins:/etc/profiles/per-user/whitebow/lib/qt-6/plugins:/nix/var/nix/profiles/default/lib/qt-5.15.18/plugins:/nix/var/nix/profiles/default/lib/qt-6/plugins:/run/current-system/sw/lib/qt-5.15.18/plugins:/run/current-system/sw/lib/qt-6/plugins" (unknown:0)
     2.707 Debug: Running java checker: "/nix/store/xrhf3v9017v3irpili57j1jxnk4wc710-openjdk-25.0.4+1/bin/java" "-jar /nix/store/9jwc22vk7wqbpysvpvv6k9yprbvjimy5-prismlauncher-unwrapped-11.0.2/share/PrismLauncher/JavaCheck.jar" (unknown:0)
     2.708 Debug: Env: ignoring "JAVA_HOME" "/nix/store/v3n6jl0sxn64g97c5kxzriwj4fv6qnjh-openjdk-21.0.12+2/lib/openjdk" (unknown:0)
     2.708 Warning: Entry "" could not be stripped from variable "LD_LIBRARY_PATH" (unknown:0)
     2.708 Debug: Env: stripped "LD_LIBRARY_PATH" "/run/opengl-driver/lib:/nix/store/chqq8mpmpyfi9kgsngya71akv5xicn03-gcc-15.2.0-lib/lib:/nix/store/jc0sfiwrc8fgnx5s461ccgp7p2qlncbx-glfw-minecraft-3.4/lib:/nix/store/psl06rbppwa0dfapjaljqlbfrw6np79x-openal-soft-1.24.3/lib:/nix/store/3zqm4hxrxarx85cxd03gj5yvxkzialqj-alsa-lib-1.2.15.3/lib:/nix/store/g04j1g5niwibk6h6l5j407476was6av6-libjack2-1.9.22/lib:/nix/store/7fnjx0b7a7f80055i43v9pwbx25lwh0v-libpulseaudio-17.0/lib:/nix/store/m2kqwy3rb25dy5zi5sjl4f6raryb67y9-pipewire-1.6.5/lib:/nix/store/dpi7sgi4dmnddwjwdi57d8x06sx49vkn-libglvnd-1.7.0/lib:/nix/store/7gwd2kvkx1s369cwiv5z4x2xjxbppav6-libx11-1.8.13/lib:/nix/store/ljxnc3sy590a8rzf59rvclkxg8h71qdf-libxcursor-1.2.3/lib:/nix/store/l1im0bii1ld332kcgg0gr72k6xla2dq1-libxext-1.3.7/lib:/nix/store/0kx9jb9qcvh9kg9qi8kxwxymbvbpykdj-libxrandr-1.5.5/lib:/nix/store/0vsyi3ll34n145g0n8nc8d4s4fs1f3kq-libxxf86vm-1.1.7/lib:/nix/store/05pzsrj4dmxlfwf8z70hp5vfgvfvfa54-systemd-minimal-libs-260.1/lib:/nix/store/d6vnmfmcz5b299180issiaad4m96wh8k-vulkan-loader-1.4.341.0/lib:/nix/store/k18gbw5vgck4dccaz856m7w624aw3346-flite-2.2-lib/lib:/nix/store/mi8lmzjfkmcmiwhsir8z8v4fyihi1mwf-gamemode-1.8.2-lib/lib:/nix/store/j47davc6iwnwpg8lxf72bvk1dah1qqrf-libusb-1.0.29/lib" to "/run/opengl-driver/lib:/nix/store/chqq8mpmpyfi9kgsngya71akv5xicn03-gcc-15.2.0-lib/lib:/nix/store/jc0sfiwrc8fgnx5s461ccgp7p2qlncbx-glfw-minecraft-3.4/lib:/nix/store/psl06rbppwa0dfapjaljqlbfrw6np79x-openal-soft-1.24.3/lib:/nix/store/3zqm4hxrxarx85cxd03gj5yvxkzialqj-alsa-lib-1.2.15.3/lib:/nix/store/g04j1g5niwibk6h6l5j407476was6av6-libjack2-1.9.22/lib:/nix/store/7fnjx0b7a7f80055i43v9pwbx25lwh0v-libpulseaudio-17.0/lib:/nix/store/m2kqwy3rb25dy5zi5sjl4f6raryb67y9-pipewire-1.6.5/lib:/nix/store/dpi7sgi4dmnddwjwdi57d8x06sx49vkn-libglvnd-1.7.0/lib:/nix/store/7gwd2kvkx1s369cwiv5z4x2xjxbppav6-libx11-1.8.13/lib:/nix/store/ljxnc3sy590a8rzf59rvclkxg8h71qdf-libxcursor-1.2.3/lib:/nix/store/l1im0bii1ld332kcgg0gr72k6xla2dq1-libxext-1.3.7/lib:/nix/store/0kx9jb9qcvh9kg9qi8kxwxymbvbpykdj-libxrandr-1.5.5/lib:/nix/store/0vsyi3ll34n145g0n8nc8d4s4fs1f3kq-libxxf86vm-1.1.7/lib:/nix/store/05pzsrj4dmxlfwf8z70hp5vfgvfvfa54-systemd-minimal-libs-260.1/lib:/nix/store/d6vnmfmcz5b299180issiaad4m96wh8k-vulkan-loader-1.4.341.0/lib:/nix/store/k18gbw5vgck4dccaz856m7w624aw3346-flite-2.2-lib/lib:/nix/store/mi8lmzjfkmcmiwhsir8z8v4fyihi1mwf-gamemode-1.8.2-lib/lib:/nix/store/j47davc6iwnwpg8lxf72bvk1dah1qqrf-libusb-1.0.29/lib" (unknown:0)
     2.708 Warning: Entry "" could not be stripped from variable "QT_PLUGIN_PATH" (unknown:0)
     2.708 Debug: Env: stripped "QT_PLUGIN_PATH" "/nix/store/fqfzc017d1x0n34k5i01sbal4196zhk6-qtwayland-6.11.0/lib/qt-6/plugins:/nix/store/0x7jcnb8rls5v0jrl17ji5zj3w99wbp2-qtdeclarative-6.11.0/lib/qt-6/plugins:/nix/store/6j374v0xv72xjzjlg52dgy9xzyrqxi9y-qtsvg-6.11.0/lib/qt-6/plugins:/nix/store/44m5vdgldm4b0ngvfj2hbjmv4b72kriz-qtimageformats-6.11.0/lib/qt-6/plugins:/nix/store/wzvm2pvf98a71v0scgfhmi01lqcxahfr-qtbase-6.11.0/lib/qt-6/plugins:/nix/store/ip1kxiyrb3zhv27fwlmqbixb9bfkpdx4-qtbase-6.11.0-only-plugins-qml/lib/qt-6/plugins:/nix/store/nryd1b74wz5arjc6904mndp0lhfjjdlm-fcitx5-with-addons-5.1.19/lib/qt-6/plugins:/home/whitebow/.local/share/flatpak/exports/lib/qt-5.15.18/plugins:/home/whitebow/.local/share/flatpak/exports/lib/qt-6/plugins:/var/lib/flatpak/exports/lib/qt-5.15.18/plugins:/var/lib/flatpak/exports/lib/qt-6/plugins:/home/whitebow/.nix-profile/lib/qt-5.15.18/plugins:/home/whitebow/.nix-profile/lib/qt-6/plugins:/nix/profile/lib/qt-5.15.18/plugins:/nix/profile/lib/qt-6/plugins:/home/whitebow/.local/state/nix/profile/lib/qt-5.15.18/plugins:/home/whitebow/.local/state/nix/profile/lib/qt-6/plugins:/etc/profiles/per-user/whitebow/lib/qt-5.15.18/plugins:/etc/profiles/per-user/whitebow/lib/qt-6/plugins:/nix/var/nix/profiles/default/lib/qt-5.15.18/plugins:/nix/var/nix/profiles/default/lib/qt-6/plugins:/run/current-system/sw/lib/qt-5.15.18/plugins:/run/current-system/sw/lib/qt-6/plugins" to "/nix/store/fqfzc017d1x0n34k5i01sbal4196zhk6-qtwayland-6.11.0/lib/qt-6/plugins:/nix/store/0x7jcnb8rls5v0jrl17ji5zj3w99wbp2-qtdeclarative-6.11.0/lib/qt-6/plugins:/nix/store/6j374v0xv72xjzjlg52dgy9xzyrqxi9y-qtsvg-6.11.0/lib/qt-6/plugins:/nix/store/44m5vdgldm4b0ngvfj2hbjmv4b72kriz-qtimageformats-6.11.0/lib/qt-6/plugins:/nix/store/wzvm2pvf98a71v0scgfhmi01lqcxahfr-qtbase-6.11.0/lib/qt-6/plugins:/nix/store/ip1kxiyrb3zhv27fwlmqbixb9bfkpdx4-qtbase-6.11.0-only-plugins-qml/lib/qt-6/plugins:/nix/store/nryd1b74wz5arjc6904mndp0lhfjjdlm-fcitx5-with-addons-5.1.19/lib/qt-6/plugins:/home/whitebow/.local/share/flatpak/exports/lib/qt-5.15.18/plugins:/home/whitebow/.local/share/flatpak/exports/lib/qt-6/plugins:/var/lib/flatpak/exports/lib/qt-5.15.18/plugins:/var/lib/flatpak/exports/lib/qt-6/plugins:/home/whitebow/.nix-profile/lib/qt-5.15.18/plugins:/home/whitebow/.nix-profile/lib/qt-6/plugins:/nix/profile/lib/qt-5.15.18/plugins:/nix/profile/lib/qt-6/plugins:/home/whitebow/.local/state/nix/profile/lib/qt-5.15.18/plugins:/home/whitebow/.local/state/nix/profile/lib/qt-6/plugins:/etc/profiles/per-user/whitebow/lib/qt-5.15.18/plugins:/etc/profiles/per-user/whitebow/lib/qt-6/plugins:/nix/var/nix/profiles/default/lib/qt-5.15.18/plugins:/nix/var/nix/profiles/default/lib/qt-6/plugins:/run/current-system/sw/lib/qt-5.15.18/plugins:/run/current-system/sw/lib/qt-6/plugins" (unknown:0)
     2.708 Debug: Running java checker: "/nix/store/v3n6jl0sxn64g97c5kxzriwj4fv6qnjh-openjdk-21.0.12+2/bin/java" "-jar /nix/store/9jwc22vk7wqbpysvpvv6k9yprbvjimy5-prismlauncher-unwrapped-11.0.2/share/PrismLauncher/JavaCheck.jar" (unknown:0)
     2.709 Debug: Env: ignoring "JAVA_HOME" "/nix/store/v3n6jl0sxn64g97c5kxzriwj4fv6qnjh-openjdk-21.0.12+2/lib/openjdk" (unknown:0)
     2.709 Warning: Entry "" could not be stripped from variable "LD_LIBRARY_PATH" (unknown:0)
     2.709 Debug: Env: stripped "LD_LIBRARY_PATH" "/run/opengl-driver/lib:/nix/store/chqq8mpmpyfi9kgsngya71akv5xicn03-gcc-15.2.0-lib/lib:/nix/store/jc0sfiwrc8fgnx5s461ccgp7p2qlncbx-glfw-minecraft-3.4/lib:/nix/store/psl06rbppwa0dfapjaljqlbfrw6np79x-openal-soft-1.24.3/lib:/nix/store/3zqm4hxrxarx85cxd03gj5yvxkzialqj-alsa-lib-1.2.15.3/lib:/nix/store/g04j1g5niwibk6h6l5j407476was6av6-libjack2-1.9.22/lib:/nix/store/7fnjx0b7a7f80055i43v9pwbx25lwh0v-libpulseaudio-17.0/lib:/nix/store/m2kqwy3rb25dy5zi5sjl4f6raryb67y9-pipewire-1.6.5/lib:/nix/store/dpi7sgi4dmnddwjwdi57d8x06sx49vkn-libglvnd-1.7.0/lib:/nix/store/7gwd2kvkx1s369cwiv5z4x2xjxbppav6-libx11-1.8.13/lib:/nix/store/ljxnc3sy590a8rzf59rvclkxg8h71qdf-libxcursor-1.2.3/lib:/nix/store/l1im0bii1ld332kcgg0gr72k6xla2dq1-libxext-1.3.7/lib:/nix/store/0kx9jb9qcvh9kg9qi8kxwxymbvbpykdj-libxrandr-1.5.5/lib:/nix/store/0vsyi3ll34n145g0n8nc8d4s4fs1f3kq-libxxf86vm-1.1.7/lib:/nix/store/05pzsrj4dmxlfwf8z70hp5vfgvfvfa54-systemd-minimal-libs-260.1/lib:/nix/store/d6vnmfmcz5b299180issiaad4m96wh8k-vulkan-loader-1.4.341.0/lib:/nix/store/k18gbw5vgck4dccaz856m7w624aw3346-flite-2.2-lib/lib:/nix/store/mi8lmzjfkmcmiwhsir8z8v4fyihi1mwf-gamemode-1.8.2-lib/lib:/nix/store/j47davc6iwnwpg8lxf72bvk1dah1qqrf-libusb-1.0.29/lib" to "/run/opengl-driver/lib:/nix/store/chqq8mpmpyfi9kgsngya71akv5xicn03-gcc-15.2.0-lib/lib:/nix/store/jc0sfiwrc8fgnx5s461ccgp7p2qlncbx-glfw-minecraft-3.4/lib:/nix/store/psl06rbppwa0dfapjaljqlbfrw6np79x-openal-soft-1.24.3/lib:/nix/store/3zqm4hxrxarx85cxd03gj5yvxkzialqj-alsa-lib-1.2.15.3/lib:/nix/store/g04j1g5niwibk6h6l5j407476was6av6-libjack2-1.9.22/lib:/nix/store/7fnjx0b7a7f80055i43v9pwbx25lwh0v-libpulseaudio-17.0/lib:/nix/store/m2kqwy3rb25dy5zi5sjl4f6raryb67y9-pipewire-1.6.5/lib:/nix/store/dpi7sgi4dmnddwjwdi57d8x06sx49vkn-libglvnd-1.7.0/lib:/nix/store/7gwd2kvkx1s369cwiv5z4x2xjxbppav6-libx11-1.8.13/lib:/nix/store/ljxnc3sy590a8rzf59rvclkxg8h71qdf-libxcursor-1.2.3/lib:/nix/store/l1im0bii1ld332kcgg0gr72k6xla2dq1-libxext-1.3.7/lib:/nix/store/0kx9jb9qcvh9kg9qi8kxwxymbvbpykdj-libxrandr-1.5.5/lib:/nix/store/0vsyi3ll34n145g0n8nc8d4s4fs1f3kq-libxxf86vm-1.1.7/lib:/nix/store/05pzsrj4dmxlfwf8z70hp5vfgvfvfa54-systemd-minimal-libs-260.1/lib:/nix/store/d6vnmfmcz5b299180issiaad4m96wh8k-vulkan-loader-1.4.341.0/lib:/nix/store/k18gbw5vgck4dccaz856m7w624aw3346-flite-2.2-lib/lib:/nix/store/mi8lmzjfkmcmiwhsir8z8v4fyihi1mwf-gamemode-1.8.2-lib/lib:/nix/store/j47davc6iwnwpg8lxf72bvk1dah1qqrf-libusb-1.0.29/lib" (unknown:0)
     2.709 Warning: Entry "" could not be stripped from variable "QT_PLUGIN_PATH" (unknown:0)
     2.709 Debug: Env: stripped "QT_PLUGIN_PATH" "/nix/store/fqfzc017d1x0n34k5i01sbal4196zhk6-qtwayland-6.11.0/lib/qt-6/plugins:/nix/store/0x7jcnb8rls5v0jrl17ji5zj3w99wbp2-qtdeclarative-6.11.0/lib/qt-6/plugins:/nix/store/6j374v0xv72xjzjlg52dgy9xzyrqxi9y-qtsvg-6.11.0/lib/qt-6/plugins:/nix/store/44m5vdgldm4b0ngvfj2hbjmv4b72kriz-qtimageformats-6.11.0/lib/qt-6/plugins:/nix/store/wzvm2pvf98a71v0scgfhmi01lqcxahfr-qtbase-6.11.0/lib/qt-6/plugins:/nix/store/ip1kxiyrb3zhv27fwlmqbixb9bfkpdx4-qtbase-6.11.0-only-plugins-qml/lib/qt-6/plugins:/nix/store/nryd1b74wz5arjc6904mndp0lhfjjdlm-fcitx5-with-addons-5.1.19/lib/qt-6/plugins:/home/whitebow/.local/share/flatpak/exports/lib/qt-5.15.18/plugins:/home/whitebow/.local/share/flatpak/exports/lib/qt-6/plugins:/var/lib/flatpak/exports/lib/qt-5.15.18/plugins:/var/lib/flatpak/exports/lib/qt-6/plugins:/home/whitebow/.nix-profile/lib/qt-5.15.18/plugins:/home/whitebow/.nix-profile/lib/qt-6/plugins:/nix/profile/lib/qt-5.15.18/plugins:/nix/profile/lib/qt-6/plugins:/home/whitebow/.local/state/nix/profile/lib/qt-5.15.18/plugins:/home/whitebow/.local/state/nix/profile/lib/qt-6/plugins:/etc/profiles/per-user/whitebow/lib/qt-5.15.18/plugins:/etc/profiles/per-user/whitebow/lib/qt-6/plugins:/nix/var/nix/profiles/default/lib/qt-5.15.18/plugins:/nix/var/nix/profiles/default/lib/qt-6/plugins:/run/current-system/sw/lib/qt-5.15.18/plugins:/run/current-system/sw/lib/qt-6/plugins" to "/nix/store/fqfzc017d1x0n34k5i01sbal4196zhk6-qtwayland-6.11.0/lib/qt-6/plugins:/nix/store/0x7jcnb8rls5v0jrl17ji5zj3w99wbp2-qtdeclarative-6.11.0/lib/qt-6/plugins:/nix/store/6j374v0xv72xjzjlg52dgy9xzyrqxi9y-qtsvg-6.11.0/lib/qt-6/plugins:/nix/store/44m5vdgldm4b0ngvfj2hbjmv4b72kriz-qtimageformats-6.11.0/lib/qt-6/plugins:/nix/store/wzvm2pvf98a71v0scgfhmi01lqcxahfr-qtbase-6.11.0/lib/qt-6/plugins:/nix/store/ip1kxiyrb3zhv27fwlmqbixb9bfkpdx4-qtbase-6.11.0-only-plugins-qml/lib/qt-6/plugins:/nix/store/nryd1b74wz5arjc6904mndp0lhfjjdlm-fcitx5-with-addons-5.1.19/lib/qt-6/plugins:/home/whitebow/.local/share/flatpak/exports/lib/qt-5.15.18/plugins:/home/whitebow/.local/share/flatpak/exports/lib/qt-6/plugins:/var/lib/flatpak/exports/lib/qt-5.15.18/plugins:/var/lib/flatpak/exports/lib/qt-6/plugins:/home/whitebow/.nix-profile/lib/qt-5.15.18/plugins:/home/whitebow/.nix-profile/lib/qt-6/plugins:/nix/profile/lib/qt-5.15.18/plugins:/nix/profile/lib/qt-6/plugins:/home/whitebow/.local/state/nix/profile/lib/qt-5.15.18/plugins:/home/whitebow/.local/state/nix/profile/lib/qt-6/plugins:/etc/profiles/per-user/whitebow/lib/qt-5.15.18/plugins:/etc/profiles/per-user/whitebow/lib/qt-6/plugins:/nix/var/nix/profiles/default/lib/qt-5.15.18/plugins:/nix/var/nix/profiles/default/lib/qt-6/plugins:/run/current-system/sw/lib/qt-5.15.18/plugins:/run/current-system/sw/lib/qt-6/plugins" (unknown:0)
     2.709 Debug: Running java checker: "/nix/store/glifx04kfvxkcfbi953siw3lazpc5m51-openjdk-17.0.20+2/bin/java" "-jar /nix/store/9jwc22vk7wqbpysvpvv6k9yprbvjimy5-prismlauncher-unwrapped-11.0.2/share/PrismLauncher/JavaCheck.jar" (unknown:0)
     2.710 Debug: Env: ignoring "JAVA_HOME" "/nix/store/v3n6jl0sxn64g97c5kxzriwj4fv6qnjh-openjdk-21.0.12+2/lib/openjdk" (unknown:0)
     2.710 Warning: Entry "" could not be stripped from variable "LD_LIBRARY_PATH" (unknown:0)
     2.710 Debug: Env: stripped "LD_LIBRARY_PATH" "/run/opengl-driver/lib:/nix/store/chqq8mpmpyfi9kgsngya71akv5xicn03-gcc-15.2.0-lib/lib:/nix/store/jc0sfiwrc8fgnx5s461ccgp7p2qlncbx-glfw-minecraft-3.4/lib:/nix/store/psl06rbppwa0dfapjaljqlbfrw6np79x-openal-soft-1.24.3/lib:/nix/store/3zqm4hxrxarx85cxd03gj5yvxkzialqj-alsa-lib-1.2.15.3/lib:/nix/store/g04j1g5niwibk6h6l5j407476was6av6-libjack2-1.9.22/lib:/nix/store/7fnjx0b7a7f80055i43v9pwbx25lwh0v-libpulseaudio-17.0/lib:/nix/store/m2kqwy3rb25dy5zi5sjl4f6raryb67y9-pipewire-1.6.5/lib:/nix/store/dpi7sgi4dmnddwjwdi57d8x06sx49vkn-libglvnd-1.7.0/lib:/nix/store/7gwd2kvkx1s369cwiv5z4x2xjxbppav6-libx11-1.8.13/lib:/nix/store/ljxnc3sy590a8rzf59rvclkxg8h71qdf-libxcursor-1.2.3/lib:/nix/store/l1im0bii1ld332kcgg0gr72k6xla2dq1-libxext-1.3.7/lib:/nix/store/0kx9jb9qcvh9kg9qi8kxwxymbvbpykdj-libxrandr-1.5.5/lib:/nix/store/0vsyi3ll34n145g0n8nc8d4s4fs1f3kq-libxxf86vm-1.1.7/lib:/nix/store/05pzsrj4dmxlfwf8z70hp5vfgvfvfa54-systemd-minimal-libs-260.1/lib:/nix/store/d6vnmfmcz5b299180issiaad4m96wh8k-vulkan-loader-1.4.341.0/lib:/nix/store/k18gbw5vgck4dccaz856m7w624aw3346-flite-2.2-lib/lib:/nix/store/mi8lmzjfkmcmiwhsir8z8v4fyihi1mwf-gamemode-1.8.2-lib/lib:/nix/store/j47davc6iwnwpg8lxf72bvk1dah1qqrf-libusb-1.0.29/lib" to "/run/opengl-driver/lib:/nix/store/chqq8mpmpyfi9kgsngya71akv5xicn03-gcc-15.2.0-lib/lib:/nix/store/jc0sfiwrc8fgnx5s461ccgp7p2qlncbx-glfw-minecraft-3.4/lib:/nix/store/psl06rbppwa0dfapjaljqlbfrw6np79x-openal-soft-1.24.3/lib:/nix/store/3zqm4hxrxarx85cxd03gj5yvxkzialqj-alsa-lib-1.2.15.3/lib:/nix/store/g04j1g5niwibk6h6l5j407476was6av6-libjack2-1.9.22/lib:/nix/store/7fnjx0b7a7f80055i43v9pwbx25lwh0v-libpulseaudio-17.0/lib:/nix/store/m2kqwy3rb25dy5zi5sjl4f6raryb67y9-pipewire-1.6.5/lib:/nix/store/dpi7sgi4dmnddwjwdi57d8x06sx49vkn-libglvnd-1.7.0/lib:/nix/store/7gwd2kvkx1s369cwiv5z4x2xjxbppav6-libx11-1.8.13/lib:/nix/store/ljxnc3sy590a8rzf59rvclkxg8h71qdf-libxcursor-1.2.3/lib:/nix/store/l1im0bii1ld332kcgg0gr72k6xla2dq1-libxext-1.3.7/lib:/nix/store/0kx9jb9qcvh9kg9qi8kxwxymbvbpykdj-libxrandr-1.5.5/lib:/nix/store/0vsyi3ll34n145g0n8nc8d4s4fs1f3kq-libxxf86vm-1.1.7/lib:/nix/store/05pzsrj4dmxlfwf8z70hp5vfgvfvfa54-systemd-minimal-libs-260.1/lib:/nix/store/d6vnmfmcz5b299180issiaad4m96wh8k-vulkan-loader-1.4.341.0/lib:/nix/store/k18gbw5vgck4dccaz856m7w624aw3346-flite-2.2-lib/lib:/nix/store/mi8lmzjfkmcmiwhsir8z8v4fyihi1mwf-gamemode-1.8.2-lib/lib:/nix/store/j47davc6iwnwpg8lxf72bvk1dah1qqrf-libusb-1.0.29/lib" (unknown:0)
     2.711 Warning: Entry "" could not be stripped from variable "QT_PLUGIN_PATH" (unknown:0)
     2.711 Debug: Env: stripped "QT_PLUGIN_PATH" "/nix/store/fqfzc017d1x0n34k5i01sbal4196zhk6-qtwayland-6.11.0/lib/qt-6/plugins:/nix/store/0x7jcnb8rls5v0jrl17ji5zj3w99wbp2-qtdeclarative-6.11.0/lib/qt-6/plugins:/nix/store/6j374v0xv72xjzjlg52dgy9xzyrqxi9y-qtsvg-6.11.0/lib/qt-6/plugins:/nix/store/44m5vdgldm4b0ngvfj2hbjmv4b72kriz-qtimageformats-6.11.0/lib/qt-6/plugins:/nix/store/wzvm2pvf98a71v0scgfhmi01lqcxahfr-qtbase-6.11.0/lib/qt-6/plugins:/nix/store/ip1kxiyrb3zhv27fwlmqbixb9bfkpdx4-qtbase-6.11.0-only-plugins-qml/lib/qt-6/plugins:/nix/store/nryd1b74wz5arjc6904mndp0lhfjjdlm-fcitx5-with-addons-5.1.19/lib/qt-6/plugins:/home/whitebow/.local/share/flatpak/exports/lib/qt-5.15.18/plugins:/home/whitebow/.local/share/flatpak/exports/lib/qt-6/plugins:/var/lib/flatpak/exports/lib/qt-5.15.18/plugins:/var/lib/flatpak/exports/lib/qt-6/plugins:/home/whitebow/.nix-profile/lib/qt-5.15.18/plugins:/home/whitebow/.nix-profile/lib/qt-6/plugins:/nix/profile/lib/qt-5.15.18/plugins:/nix/profile/lib/qt-6/plugins:/home/whitebow/.local/state/nix/profile/lib/qt-5.15.18/plugins:/home/whitebow/.local/state/nix/profile/lib/qt-6/plugins:/etc/profiles/per-user/whitebow/lib/qt-5.15.18/plugins:/etc/profiles/per-user/whitebow/lib/qt-6/plugins:/nix/var/nix/profiles/default/lib/qt-5.15.18/plugins:/nix/var/nix/profiles/default/lib/qt-6/plugins:/run/current-system/sw/lib/qt-5.15.18/plugins:/run/current-system/sw/lib/qt-6/plugins" to "/nix/store/fqfzc017d1x0n34k5i01sbal4196zhk6-qtwayland-6.11.0/lib/qt-6/plugins:/nix/store/0x7jcnb8rls5v0jrl17ji5zj3w99wbp2-qtdeclarative-6.11.0/lib/qt-6/plugins:/nix/store/6j374v0xv72xjzjlg52dgy9xzyrqxi9y-qtsvg-6.11.0/lib/qt-6/plugins:/nix/store/44m5vdgldm4b0ngvfj2hbjmv4b72kriz-qtimageformats-6.11.0/lib/qt-6/plugins:/nix/store/wzvm2pvf98a71v0scgfhmi01lqcxahfr-qtbase-6.11.0/lib/qt-6/plugins:/nix/store/ip1kxiyrb3zhv27fwlmqbixb9bfkpdx4-qtbase-6.11.0-only-plugins-qml/lib/qt-6/plugins:/nix/store/nryd1b74wz5arjc6904mndp0lhfjjdlm-fcitx5-with-addons-5.1.19/lib/qt-6/plugins:/home/whitebow/.local/share/flatpak/exports/lib/qt-5.15.18/plugins:/home/whitebow/.local/share/flatpak/exports/lib/qt-6/plugins:/var/lib/flatpak/exports/lib/qt-5.15.18/plugins:/var/lib/flatpak/exports/lib/qt-6/plugins:/home/whitebow/.nix-profile/lib/qt-5.15.18/plugins:/home/whitebow/.nix-profile/lib/qt-6/plugins:/nix/profile/lib/qt-5.15.18/plugins:/nix/profile/lib/qt-6/plugins:/home/whitebow/.local/state/nix/profile/lib/qt-5.15.18/plugins:/home/whitebow/.local/state/nix/profile/lib/qt-6/plugins:/etc/profiles/per-user/whitebow/lib/qt-5.15.18/plugins:/etc/profiles/per-user/whitebow/lib/qt-6/plugins:/nix/var/nix/profiles/default/lib/qt-5.15.18/plugins:/nix/var/nix/profiles/default/lib/qt-6/plugins:/run/current-system/sw/lib/qt-5.15.18/plugins:/run/current-system/sw/lib/qt-6/plugins" (unknown:0)
     2.711 Debug: Running java checker: "/nix/store/4wgr7m4i32dksq8ks601c4znn4aa7jmk-openjdk-8u502-b01/bin/java" "-jar /nix/store/9jwc22vk7wqbpysvpvv6k9yprbvjimy5-prismlauncher-unwrapped-11.0.2/share/PrismLauncher/JavaCheck.jar" (unknown:0)
     2.793 Debug: STDOUT "os.arch=amd64\njava.version=17.0.20\njava.vendor=N/A\n" (unknown:0)
     2.793 Warning: STDERR "" (unknown:0)
     2.793 Debug: Java checker finished with status QProcess::NormalExit exit code 0 (unknown:0)
     2.793 Debug: Java checker succeeded. (unknown:0)
     2.795 Debug: STDOUT "os.arch=amd64\njava.version=21.0.12\njava.vendor=N/A\n" (unknown:0)
     2.795 Warning: STDERR "" (unknown:0)
     2.795 Debug: Java checker finished with status QProcess::NormalExit exit code 0 (unknown:0)
     2.796 Debug: Java checker succeeded. (unknown:0)
     2.797 Debug: STDOUT "os.arch=amd64\njava.version=25.0.4\njava.vendor=N/A\n" (unknown:0)
     2.797 Warning: STDERR "" (unknown:0)
     2.797 Debug: Java checker finished with status QProcess::NormalExit exit code 0 (unknown:0)
     2.797 Debug: Java checker succeeded. (unknown:0)
     2.803 Debug: STDOUT "os.arch=amd64\njava.version=21.0.12\njava.vendor=N/A\n" (unknown:0)
     2.803 Warning: STDERR "" (unknown:0)
     2.803 Debug: Java checker finished with status QProcess::NormalExit exit code 0 (unknown:0)
     2.803 Debug: Java checker succeeded. (unknown:0)
     2.836 Debug: STDOUT "os.arch=amd64\njava.version=1.8.0_502\njava.vendor=Oracle Corporation\n" (unknown:0)
     2.836 Warning: STDERR "" (unknown:0)
     2.836 Debug: Java checker finished with status QProcess::NormalExit exit code 0 (unknown:0)
     2.836 Debug: Java checker succeeded. (unknown:0)
     2.837 Debug: Found the following valid Java installations: (unknown:0)
     2.837 Debug:   "21.0.12" "amd64" "java" (unknown:0)
     2.837 Debug:   "25.0.4" "amd64" "/nix/store/xrhf3v9017v3irpili57j1jxnk4wc710-openjdk-25.0.4+1/bin/java" (unknown:0)
     2.837 Debug:   "21.0.12" "amd64" "/nix/store/v3n6jl0sxn64g97c5kxzriwj4fv6qnjh-openjdk-21.0.12+2/bin/java" (unknown:0)
     2.837 Debug:   "17.0.20" "amd64" "/nix/store/glifx04kfvxkcfbi953siw3lazpc5m51-openjdk-17.0.20+2/bin/java" (unknown:0)
     2.837 Debug:   "1.8.0_502" "amd64" "/nix/store/4wgr7m4i32dksq8ks601c4znn4aa7jmk-openjdk-8u502-b01/bin/java" (unknown:0)
     2.838 Warning: beginResetModel called on JavaInstallList(0x5756abe812f0) without calling endResetModel first (unknown:0)
     2.838 Warning: beginResetModel called on VersionFilterModel(0x5756ab733e90) without calling endResetModel first (unknown:0)
     2.838 Warning: beginResetModel called on VersionProxyModel(0x5756ab66c6f0) without calling endResetModel first (unknown:0)
     2.838 Warning: endResetModel called on JavaInstallList(0x5756abe812f0) without calling beginResetModel first (unknown:0)
     2.838 Warning: endResetModel called on VersionFilterModel(0x5756ab733e90) without calling beginResetModel first (unknown:0)
     2.838 Warning: endResetModel called on VersionProxyModel(0x5756ab66c6f0) without calling beginResetModel first (unknown:0)
     2.838 Debug: Env: ignoring "JAVA_HOME" "/nix/store/v3n6jl0sxn64g97c5kxzriwj4fv6qnjh-openjdk-21.0.12+2/lib/openjdk" (unknown:0)
     2.839 Warning: Entry "" could not be stripped from variable "LD_LIBRARY_PATH" (unknown:0)
     2.839 Debug: Env: stripped "LD_LIBRARY_PATH" "/run/opengl-driver/lib:/nix/store/chqq8mpmpyfi9kgsngya71akv5xicn03-gcc-15.2.0-lib/lib:/nix/store/jc0sfiwrc8fgnx5s461ccgp7p2qlncbx-glfw-minecraft-3.4/lib:/nix/store/psl06rbppwa0dfapjaljqlbfrw6np79x-openal-soft-1.24.3/lib:/nix/store/3zqm4hxrxarx85cxd03gj5yvxkzialqj-alsa-lib-1.2.15.3/lib:/nix/store/g04j1g5niwibk6h6l5j407476was6av6-libjack2-1.9.22/lib:/nix/store/7fnjx0b7a7f80055i43v9pwbx25lwh0v-libpulseaudio-17.0/lib:/nix/store/m2kqwy3rb25dy5zi5sjl4f6raryb67y9-pipewire-1.6.5/lib:/nix/store/dpi7sgi4dmnddwjwdi57d8x06sx49vkn-libglvnd-1.7.0/lib:/nix/store/7gwd2kvkx1s369cwiv5z4x2xjxbppav6-libx11-1.8.13/lib:/nix/store/ljxnc3sy590a8rzf59rvclkxg8h71qdf-libxcursor-1.2.3/lib:/nix/store/l1im0bii1ld332kcgg0gr72k6xla2dq1-libxext-1.3.7/lib:/nix/store/0kx9jb9qcvh9kg9qi8kxwxymbvbpykdj-libxrandr-1.5.5/lib:/nix/store/0vsyi3ll34n145g0n8nc8d4s4fs1f3kq-libxxf86vm-1.1.7/lib:/nix/store/05pzsrj4dmxlfwf8z70hp5vfgvfvfa54-systemd-minimal-libs-260.1/lib:/nix/store/d6vnmfmcz5b299180issiaad4m96wh8k-vulkan-loader-1.4.341.0/lib:/nix/store/k18gbw5vgck4dccaz856m7w624aw3346-flite-2.2-lib/lib:/nix/store/mi8lmzjfkmcmiwhsir8z8v4fyihi1mwf-gamemode-1.8.2-lib/lib:/nix/store/j47davc6iwnwpg8lxf72bvk1dah1qqrf-libusb-1.0.29/lib" to "/run/opengl-driver/lib:/nix/store/chqq8mpmpyfi9kgsngya71akv5xicn03-gcc-15.2.0-lib/lib:/nix/store/jc0sfiwrc8fgnx5s461ccgp7p2qlncbx-glfw-minecraft-3.4/lib:/nix/store/psl06rbppwa0dfapjaljqlbfrw6np79x-openal-soft-1.24.3/lib:/nix/store/3zqm4hxrxarx85cxd03gj5yvxkzialqj-alsa-lib-1.2.15.3/lib:/nix/store/g04j1g5niwibk6h6l5j407476was6av6-libjack2-1.9.22/lib:/nix/store/7fnjx0b7a7f80055i43v9pwbx25lwh0v-libpulseaudio-17.0/lib:/nix/store/m2kqwy3rb25dy5zi5sjl4f6raryb67y9-pipewire-1.6.5/lib:/nix/store/dpi7sgi4dmnddwjwdi57d8x06sx49vkn-libglvnd-1.7.0/lib:/nix/store/7gwd2kvkx1s369cwiv5z4x2xjxbppav6-libx11-1.8.13/lib:/nix/store/ljxnc3sy590a8rzf59rvclkxg8h71qdf-libxcursor-1.2.3/lib:/nix/store/l1im0bii1ld332kcgg0gr72k6xla2dq1-libxext-1.3.7/lib:/nix/store/0kx9jb9qcvh9kg9qi8kxwxymbvbpykdj-libxrandr-1.5.5/lib:/nix/store/0vsyi3ll34n145g0n8nc8d4s4fs1f3kq-libxxf86vm-1.1.7/lib:/nix/store/05pzsrj4dmxlfwf8z70hp5vfgvfvfa54-systemd-minimal-libs-260.1/lib:/nix/store/d6vnmfmcz5b299180issiaad4m96wh8k-vulkan-loader-1.4.341.0/lib:/nix/store/k18gbw5vgck4dccaz856m7w624aw3346-flite-2.2-lib/lib:/nix/store/mi8lmzjfkmcmiwhsir8z8v4fyihi1mwf-gamemode-1.8.2-lib/lib:/nix/store/j47davc6iwnwpg8lxf72bvk1dah1qqrf-libusb-1.0.29/lib" (unknown:0)
     2.839 Warning: Entry "" could not be stripped from variable "QT_PLUGIN_PATH" (unknown:0)
     2.839 Debug: Env: stripped "QT_PLUGIN_PATH" "/nix/store/fqfzc017d1x0n34k5i01sbal4196zhk6-qtwayland-6.11.0/lib/qt-6/plugins:/nix/store/0x7jcnb8rls5v0jrl17ji5zj3w99wbp2-qtdeclarative-6.11.0/lib/qt-6/plugins:/nix/store/6j374v0xv72xjzjlg52dgy9xzyrqxi9y-qtsvg-6.11.0/lib/qt-6/plugins:/nix/store/44m5vdgldm4b0ngvfj2hbjmv4b72kriz-qtimageformats-6.11.0/lib/qt-6/plugins:/nix/store/wzvm2pvf98a71v0scgfhmi01lqcxahfr-qtbase-6.11.0/lib/qt-6/plugins:/nix/store/ip1kxiyrb3zhv27fwlmqbixb9bfkpdx4-qtbase-6.11.0-only-plugins-qml/lib/qt-6/plugins:/nix/store/nryd1b74wz5arjc6904mndp0lhfjjdlm-fcitx5-with-addons-5.1.19/lib/qt-6/plugins:/home/whitebow/.local/share/flatpak/exports/lib/qt-5.15.18/plugins:/home/whitebow/.local/share/flatpak/exports/lib/qt-6/plugins:/var/lib/flatpak/exports/lib/qt-5.15.18/plugins:/var/lib/flatpak/exports/lib/qt-6/plugins:/home/whitebow/.nix-profile/lib/qt-5.15.18/plugins:/home/whitebow/.nix-profile/lib/qt-6/plugins:/nix/profile/lib/qt-5.15.18/plugins:/nix/profile/lib/qt-6/plugins:/home/whitebow/.local/state/nix/profile/lib/qt-5.15.18/plugins:/home/whitebow/.local/state/nix/profile/lib/qt-6/plugins:/etc/profiles/per-user/whitebow/lib/qt-5.15.18/plugins:/etc/profiles/per-user/whitebow/lib/qt-6/plugins:/nix/var/nix/profiles/default/lib/qt-5.15.18/plugins:/nix/var/nix/profiles/default/lib/qt-6/plugins:/run/current-system/sw/lib/qt-5.15.18/plugins:/run/current-system/sw/lib/qt-6/plugins" to "/nix/store/fqfzc017d1x0n34k5i01sbal4196zhk6-qtwayland-6.11.0/lib/qt-6/plugins:/nix/store/0x7jcnb8rls5v0jrl17ji5zj3w99wbp2-qtdeclarative-6.11.0/lib/qt-6/plugins:/nix/store/6j374v0xv72xjzjlg52dgy9xzyrqxi9y-qtsvg-6.11.0/lib/qt-6/plugins:/nix/store/44m5vdgldm4b0ngvfj2hbjmv4b72kriz-qtimageformats-6.11.0/lib/qt-6/plugins:/nix/store/wzvm2pvf98a71v0scgfhmi01lqcxahfr-qtbase-6.11.0/lib/qt-6/plugins:/nix/store/ip1kxiyrb3zhv27fwlmqbixb9bfkpdx4-qtbase-6.11.0-only-plugins-qml/lib/qt-6/plugins:/nix/store/nryd1b74wz5arjc6904mndp0lhfjjdlm-fcitx5-with-addons-5.1.19/lib/qt-6/plugins:/home/whitebow/.local/share/flatpak/exports/lib/qt-5.15.18/plugins:/home/whitebow/.local/share/flatpak/exports/lib/qt-6/plugins:/var/lib/flatpak/exports/lib/qt-5.15.18/plugins:/var/lib/flatpak/exports/lib/qt-6/plugins:/home/whitebow/.nix-profile/lib/qt-5.15.18/plugins:/home/whitebow/.nix-profile/lib/qt-6/plugins:/nix/profile/lib/qt-5.15.18/plugins:/nix/profile/lib/qt-6/plugins:/home/whitebow/.local/state/nix/profile/lib/qt-5.15.18/plugins:/home/whitebow/.local/state/nix/profile/lib/qt-6/plugins:/etc/profiles/per-user/whitebow/lib/qt-5.15.18/plugins:/etc/profiles/per-user/whitebow/lib/qt-6/plugins:/nix/var/nix/profiles/default/lib/qt-5.15.18/plugins:/nix/var/nix/profiles/default/lib/qt-6/plugins:/run/current-system/sw/lib/qt-5.15.18/plugins:/run/current-system/sw/lib/qt-6/plugins" (unknown:0)
     2.839 Debug: Running java checker: "/nix/store/4wgr7m4i32dksq8ks601c4znn4aa7jmk-openjdk-8u502-b01/bin/java" "-Xms512m -Xmx4096m -jar /nix/store/9jwc22vk7wqbpysvpvv6k9yprbvjimy5-prismlauncher-unwrapped-11.0.2/share/PrismLauncher/JavaCheck.jar" (unknown:0)
     2.915 Debug: STDOUT "os.arch=amd64\njava.version=1.8.0_502\njava.vendor=Oracle Corporation\n" (unknown:0)
     2.915 Warning: STDERR "" (unknown:0)
     2.915 Debug: Java checker finished with status QProcess::NormalExit exit code 0 (unknown:0)
     2.915 Debug: Java checker succeeded. (unknown:0)
     8.810 Debug: Wizard result = 0 (unknown:0)
     8.822 Debug: Reloading news. (unknown:0)
     8.823 Debug: <> Main window shown. (unknown:0)
     8.936 Debug: Finished loading RSS feed. (unknown:0)
     8.938 Debug: Loaded news entry "[MANUAL UPDATE REQUIRED] Prism Launcher Release 11.0.2" (unknown:0)
     8.938 Debug: Loaded news entry "Prism Launcher Release 11.0.1, now available" (unknown:0)
     8.938 Debug: Loaded news entry "Prism Launcher Release 11.0.0, now available" (unknown:0)
     8.938 Debug: Loaded news entry "[April Fools 2026] User Safety in Prism Launcher" (unknown:0)
     8.938 Debug: Loaded news entry "Prism Launcher Release 10.0.5, now available" (unknown:0)
     8.938 Debug: Loaded news entry "[PSA] Fake Discord server using our old vanity link" (unknown:0)
     8.938 Debug: Loaded news entry "Prism Launcher Release 10.0.2, now available" (unknown:0)
     8.938 Debug: Loaded news entry "Prism Launcher Release 10.0.1, now available" (unknown:0)
     8.938 Debug: Loaded news entry "Prism Launcher Release 10.0.0, now available" (unknown:0)
     8.938 Debug: Loaded news entry "[Pride Month 2025 #4/4] Week 4 Showcase" (unknown:0)
     8.938 Debug: Loaded news entry "[Pride Month 2025 #3/4] Week 3 Showcase" (unknown:0)
     8.938 Debug: Loaded news entry "[Pride Month 2025 #2/4] Week 2 Showcase" (unknown:0)
     8.938 Debug: Loaded news entry "[Pride Month 2025 #1/4] Week 1 Showcase" (unknown:0)
     8.938 Debug: Loaded news entry "[Pride Month 2025 #0/4] Happy Pride!" (unknown:0)
     8.938 Debug: Loaded news entry "Prism Launcher Release 9.4, now available" (unknown:0)
     8.938 Debug: Loaded news entry "Prism Launcher Release 9.3, now available" (unknown:0)
     8.938 Debug: Loaded news entry "[April Fools 2025] Announcing Prism Premium" (unknown:0)
     8.938 Debug: Loaded news entry "Moving on from Twitter" (unknown:0)
     8.938 Debug: Loaded news entry "Prism Launcher Release 9.2, now available" (unknown:0)
     8.939 Debug: Loaded news entry "Prism Launcher Release 9.1, now available" (unknown:0)
     8.939 Debug: Loaded news entry "Prism Launcher Release 9.0, now available" (unknown:0)
     8.939 Debug: Loaded news entry "Prism Launcher Release 8.4, now available" (unknown:0)
     8.939 Debug: Loaded news entry "Microsoft authentication issues in some regions" (unknown:0)
     8.939 Debug: Loaded news entry "Prism Launcher Release 8.3, now available" (unknown:0)
     8.939 Debug: Loaded news entry "Prism Launcher Release 8.1, now available" (unknown:0)
     8.939 Debug: Loaded news entry "Prism Launcher Release 8.2, now available" (unknown:0)
     8.939 Debug: Loaded news entry "Prism Launcher Release 8.0, now available" (unknown:0)
     8.939 Debug: Loaded news entry "[MALWARE WARNING] RCE Vulnerability on some modded servers - Bleeding Pipe" (unknown:0)
     8.939 Debug: Loaded news entry "Prism Launcher Release 7.2, now available" (unknown:0)
     8.939 Debug: Loaded news entry "Prism Launcher Release 7.1, now available" (unknown:0)
     8.939 Debug: Loaded news entry "FTB Modpack Downloading Removal." (unknown:0)
     8.939 Debug: Loaded news entry "Prism Launcher Release 7.0, now available" (unknown:0)
     8.939 Debug: Loaded news entry "[MALWARE WARNING] \"fractureiser\" malware in many popular Minecraft mods and modpacks" (unknown:0)
     8.939 Debug: Loaded news entry "Prism Launcher Release 6.2, now available" (unknown:0)
     8.939 Debug: Loaded news entry "[SECURITY UPDATE] Prism Launcher Release 6.3, now available" (unknown:0)
     8.939 Debug: Loaded news entry "Prism Launcher Release 6.1, now available" (unknown:0)
     8.939 Debug: Loaded news entry "Prism Launcher Release 6.0, now available" (unknown:0)
     8.939 Debug: Loaded news entry "Prism Launcher Release 5.2, now available" (unknown:0)
     8.939 Debug: Loaded news entry "Prism Launcher Release 5.1, now available" (unknown:0)
     8.939 Debug: Loaded news entry "Prism Launcher Release 5.0, now available" (unknown:0)
     8.939 Debug: Loaded news entry "PolyMC Update 1.4.2, now available" (unknown:0)
     8.939 Debug: Loaded news entry "PolyMC Update 1.4.1, now available" (unknown:0)
     8.939 Debug: Loaded news entry "PolyMC Update 1.4.0, now available" (unknown:0)
     8.939 Debug: Loaded news entry "PolyMC Update 1.3.2, now available" (unknown:0)
     8.939 Debug: Loaded news entry "PolyMC Update 1.3.1, now available" (unknown:0)
     8.939 Debug: Loaded news entry "PolyMC Update 1.3.0, now available" (unknown:0)
     8.939 Debug: Loaded news entry "PolyMC Update 1.2.2, now available (CurseForge Hotfix)" (unknown:0)
     8.939 Debug: Loaded news entry "PolyMC Update 1.2.1, now available" (unknown:0)
     8.939 Debug: Loaded news entry "PolyMC Update 1.2.0, now available" (unknown:0)
     8.939 Debug: Loaded news entry "PolyMC Update 1.1.1, now available" (unknown:0)
     8.939 Debug: Loaded news entry "PolyMC Update 1.1.0, now available" (unknown:0)
     8.939 Debug: Loaded news entry "Moving on" (unknown:0)
     8.939 Debug: Loaded news entry "Modrinth support and Mod downloading" (unknown:0)
     8.939 Debug: Loaded news entry "New maintainers and step down." (unknown:0)
     8.939 Debug: News loading succeeded. (unknown:0)
